// Jest Snapshot v1, https://goo.gl/fbAQLP

exports[`Pruebas en <AppRouter/> debe de mostrarse correctamente 1`] = `
<div>
  <nav
    className="navbar navbar-expand-sm navbar-dark bg-dark"
  >
    <a
      className="navbar-brand"
      href="/"
      onClick={[Function]}
    >
       useContext 
    </a>
    <button
      aria-controls="navbarNav"
      aria-expanded="false"
      aria-label="Toggle navigation"
      className="navbar-toggler"
      data-target="#navbarNav"
      data-toggle="collapse"
      type="button"
    >
      <span
        className="navbar-toggler-icon"
      />
    </button>
    <div
      className="collapse navbar-collapse"
      id="navbarNav"
    >
      <div
        className="navbar-nav"
      >
        <a
          aria-current="page"
          className="nav-link active"
          href="/"
          onClick={[Function]}
        >
          Home
        </a>
        <a
          className="nav-link active"
          href="/about"
          onClick={[Function]}
        >
          About
        </a>
        <a
          className="nav-link active"
          href="/login"
          onClick={[Function]}
        >
          Login
        </a>
      </div>
    </div>
  </nav>
  <div
    className="container"
  >
    <div>
      <h1>
        HomeScreen
      </h1>
      <hr />
      <pre
        className="container"
      >
        {
   "id": 1,
   "name": "Fernando"
}
      </pre>
    </div>
  </div>
</div>
`;
