// Jest Snapshot v1, https://goo.gl/fbAQLP

exports[`Pruebas en <HookApp/> debe de ser igual al snapshot 1`] = `
<div>
  <h1>
    Hola Mundo
  </h1>
</div>
`;
